# server.js:-
var con = mysql.createConnection({
  host: "localhost",
  user: "sanginfo",
  password: "sanginfo",
  database: "sanginfo"
});

con.connect();
app.listen(3000);


# pm2 commands

$ sudo npm install -g pm2

$ pm2 start server.js

$ pm2 startup systemd

$ sudo env PATH=$PATH:/usr/local/bin /usr/local/lib/node_modules/pm2/bin/pm2 startup systemd -u shailesh --hp /home/shailesh


# Apache2 Reverse Proxy Server

$ cd /etc/apache2/sites-available 

$ sudo gedit 000-default.conf

<VirtualHost *:8030>

  # The ServerName directive sets the request scheme, hostname and port that
  # the server uses to identify itself. This is used when creating
  # redirection URLs. In the context of virtual hosts, the ServerName
  # specifies what hostname must appear in the request's Host: header to
  # match this virtual host. For the default virtual host (this file) this
  # value is not decisive as it is used as a last resort host regardless.
  # However, you must set it for any further virtual host explicitly.
  #ServerName www.example.com

  ServerAdmin webmaster@localhost
  DocumentRoot /var/www/html/angular-node-express-admin

  # Available loglevels: trace8, ..., trace1, debug, info, notice, warn,
  # error, crit, alert, emerg.
  # It is also possible to configure the loglevel for particular
  # modules, e.g.
  #LogLevel info ssl:warn

  ErrorLog ${APACHE_LOG_DIR}/error.log
  CustomLog ${APACHE_LOG_DIR}/access.log combined

  # For most configuration files from conf-available/, which are
  # enabled or disabled at a global level, it is possible to
  # include a line for only one particular virtual host. For example the
  # following line enables the CGI configuration for this host only
  # after it has been globally disabled with "a2disconf".
  #Include conf-available/serve-cgi-bin.conf

  ProxyRequests off
  ProxyPreserveHost On
  ProxyVia Full

  <Proxy *>
    order allow,deny
    allow from all
  </Proxy>

  <Location />
    ProxyPass http://127.0.0.1:3000
    ProxyPassReverse http://127.0.0.1:3000
  </Location>

  <Directory /var/www/html/angular-node-express-admin>
    Options Indexes FollowSymLinks MultiViews
    AllowOverride All
    Older allow,deny
    allow from all
  </Directory>

</VirtualHost>



$ sudo systemctl restart nginx

$ cd /etc/apache2

$ sudo gedit ports.conf

Listen 80
Listen 8030

Note : Enable Port 8030 forwarding in router config.
